// Vitest Snapshot v1, https://vitest.dev/guide/snapshot.html

exports[`ICON_NATIVE_MAP > sorted key snapshot 1`] = `
[
  "activity",
  "alert-circle",
  "alert-triangle",
  "align-center",
  "align-left",
  "align-right",
  "archive",
  "arrow-down",
  "arrow-down-left",
  "arrow-left",
  "arrow-right",
  "arrow-right-circle",
  "arrow-up",
  "arrow-up-right",
  "atom",
  "ban",
  "battery",
  "bell",
  "bell-off",
  "bold",
  "book",
  "book-open",
  "bookmark",
  "bookmark-plus",
  "briefcase",
  "building-2",
  "calendar",
  "calendar-clock",
  "camera",
  "check",
  "check-circle",
  "check-square",
  "chevron-down",
  "chevron-left",
  "chevron-right",
  "chevron-up",
  "chevrons-left",
  "chevrons-right",
  "chevrons-up-down",
  "circle",
  "circle-check",
  "circle-dot",
  "clipboard",
  "clipboard-check",
  "clock",
  "close",
  "columns",
  "copy",
  "corner-down-right",
  "corner-up-left",
  "credit-card",
  "diamond",
  "dices",
  "dna",
  "dollar-sign",
  "door-open",
  "download",
  "edit",
  "edit-2",
  "edit-3",
  "eraser",
  "external-link",
  "eye",
  "eye-off",
  "feather",
  "file",
  "file-code",
  "file-json",
  "file-minus",
  "file-plus",
  "file-signature",
  "file-text",
  "file-up",
  "file-warning",
  "filter",
  "flag",
  "flame",
  "flask-conical",
  "folder",
  "folder-open",
  "gift",
  "git-commit",
  "globe",
  "grid",
  "handshake",
  "heart",
  "help-circle",
  "history",
  "home",
  "image",
  "image-plus",
  "inbox",
  "indent",
  "info",
  "italic",
  "key-round",
  "languages",
  "layers",
  "layout-dashboard",
  "layout-grid",
  "layout-list",
  "leaf",
  "lightbulb",
  "link",
  "link-2",
  "list",
  "loader",
  "loader-2",
  "lock",
  "log-in",
  "log-out",
  "mail",
  "mail-plus",
  "map-pin",
  "maximize-2",
  "menu",
  "message-circle",
  "message-square",
  "message-square-plus",
  "messages-square",
  "mic",
  "minus",
  "minus-circle",
  "moon",
  "more-horizontal",
  "more-vertical",
  "mouse-pointer-click",
  "network",
  "package",
  "panel-left",
  "panel-right",
  "paperclip",
  "pause",
  "pencil",
  "phone",
  "play",
  "plus",
  "plus-circle",
  "power",
  "presentation",
  "printer",
  "redo",
  "refresh",
  "refresh-cw",
  "repeat",
  "rotate-ccw",
  "rotate-cw",
  "route",
  "ruler",
  "save",
  "scale",
  "scissors",
  "scroll",
  "search",
  "search-x",
  "send",
  "settings",
  "share",
  "share-2",
  "shield",
  "shield-check",
  "shopping-cart",
  "sidebar",
  "sigma",
  "skip-back",
  "skip-forward",
  "sliders",
  "smile",
  "sort-asc",
  "sort-desc",
  "sparkles",
  "square",
  "star",
  "star-half",
  "step-forward",
  "sticky-note",
  "stop",
  "store",
  "sun",
  "tag",
  "target",
  "thumbs-up",
  "trash",
  "trash-2",
  "trending-down",
  "trending-up",
  "type",
  "underline",
  "undo",
  "unlink",
  "unlock",
  "upload",
  "user",
  "user-check",
  "user-circle",
  "user-plus",
  "users",
  "video",
  "volume",
  "volume-2",
  "volume-off",
  "volume-x",
  "wifi",
  "wrap-text",
  "x",
  "x-circle",
  "zoom-in",
  "zoom-out",
]
`;
