// Vitest Snapshot v1, https://vitest.dev/guide/snapshot.html

exports[`ICON_NATIVE_MAP > sorted key snapshot 1`] = `
[
  "activity",
  "alert-circle",
  "alert-triangle",
  "align-center",
  "align-left",
  "align-right",
  "archive",
  "arrow-down",
  "arrow-down-left",
  "arrow-left",
  "arrow-right",
  "arrow-up",
  "arrow-up-right",
  "battery",
  "bell",
  "bell-off",
  "bold",
  "book",
  "bookmark",
  "calendar",
  "camera",
  "check",
  "check-circle",
  "check-square",
  "chevron-down",
  "chevron-left",
  "chevron-right",
  "chevron-up",
  "chevrons-left",
  "chevrons-right",
  "chevrons-up-down",
  "circle",
  "clipboard",
  "clock",
  "close",
  "copy",
  "corner-down-right",
  "corner-up-left",
  "credit-card",
  "download",
  "edit",
  "edit-2",
  "edit-3",
  "eraser",
  "external-link",
  "eye",
  "eye-off",
  "file",
  "file-minus",
  "file-plus",
  "file-text",
  "filter",
  "flag",
  "folder",
  "folder-open",
  "globe",
  "grid",
  "heart",
  "help-circle",
  "home",
  "image",
  "inbox",
  "indent",
  "info",
  "italic",
  "layout-grid",
  "layout-list",
  "link",
  "link-2",
  "list",
  "loader",
  "loader-2",
  "lock",
  "log-in",
  "log-out",
  "mail",
  "map-pin",
  "menu",
  "message-circle",
  "message-square",
  "mic",
  "minus",
  "minus-circle",
  "moon",
  "more-horizontal",
  "more-vertical",
  "panel-left",
  "panel-right",
  "paperclip",
  "pause",
  "pencil",
  "phone",
  "play",
  "plus",
  "plus-circle",
  "power",
  "printer",
  "redo",
  "refresh",
  "refresh-cw",
  "rotate-ccw",
  "rotate-cw",
  "save",
  "scissors",
  "search",
  "send",
  "settings",
  "share",
  "share-2",
  "shopping-cart",
  "sidebar",
  "skip-back",
  "skip-forward",
  "sliders",
  "smile",
  "sort-asc",
  "sort-desc",
  "square",
  "star",
  "stop",
  "sun",
  "tag",
  "trash",
  "trash-2",
  "type",
  "underline",
  "undo",
  "unlock",
  "upload",
  "user",
  "user-circle",
  "user-plus",
  "users",
  "video",
  "volume",
  "volume-2",
  "volume-off",
  "volume-x",
  "wifi",
  "x",
  "x-circle",
  "zoom-in",
  "zoom-out",
]
`;
